Triggers,PlansPerTrigger,contextMetrics,subGoals
!controlSteering,3,"[2, 1, -1]",[]
!controlSpeed,3,"[2, 1, -1]",[]
!waypoint,5,"[1, 1, 4, 3, -1]",[]
!mission,1,[2],[]
