Triggers,PlansPerTrigger,contextMetrics,subGoals
!busy,1,[-1],['!busy']
obstacle,4,"[1, 3, 6, 6]",['!busy']
navigate,1,[-1],[]
!mission,1,[2],[]
