Triggers,PlansPerTrigger,contextMetrics,subGoals
!controlSpeed,3,"[2, 1, -1]",[]
obstacle,1,[1],[]
!waypoint,4,"[1, 3, 2, -1]",[]
!navigate,3,"[1, 3, -1]",[]
!mission,1,[2],['!controlSpeed(0.0)']
!controlSteering,3,"[2, 1, -1]",['!controlSpeed(0.0)']
